Archive member included because of file (symbol)

c:/winavr-20100110/bin/../lib/gcc/avr/4.3.3/avr5\libgcc.a(_exit.o)
                              c:/winavr-20100110/bin/../lib/gcc/avr/4.3.3/../../../../avr/lib/avr5/crtm32.o (exit)
c:/winavr-20100110/bin/../lib/gcc/avr/4.3.3/avr5\libgcc.a(_copy_data.o)
                              ./HAL/NFC_13_56MHZ.o (__do_copy_data)
c:/winavr-20100110/bin/../lib/gcc/avr/4.3.3/avr5\libgcc.a(_clear_bss.o)
                              ./MCAL/UART.o (__do_clear_bss)
c:/winavr-20100110/bin/../lib/gcc/avr/4.3.3/../../../../avr/lib/avr5\libc.a(itoa.o)
                              ./MCAL/UART.o (itoa)
c:/winavr-20100110/bin/../lib/gcc/avr/4.3.3/../../../../avr/lib/avr5\libc.a(ultoa.o)
                              ./uart.o (ultoa)
c:/winavr-20100110/bin/../lib/gcc/avr/4.3.3/../../../../avr/lib/avr5\libc.a(strrev.o)
                              c:/winavr-20100110/bin/../lib/gcc/avr/4.3.3/../../../../avr/lib/avr5\libc.a(itoa.o) (strrev)
c:/winavr-20100110/bin/../lib/gcc/avr/4.3.3/avr5\libgcc.a(_udivmodhi4.o)
                              c:/winavr-20100110/bin/../lib/gcc/avr/4.3.3/../../../../avr/lib/avr5\libc.a(itoa.o) (__udivmodhi4)
c:/winavr-20100110/bin/../lib/gcc/avr/4.3.3/avr5\libgcc.a(_udivmodsi4.o)
                              c:/winavr-20100110/bin/../lib/gcc/avr/4.3.3/../../../../avr/lib/avr5\libc.a(ultoa.o) (__udivmodsi4)

Allocating common symbols
Common symbol       size              file

call_back_pointer   0x2               ./MCAL/UART.o
Rec_Data            0x64              ./HAL/NFC_13_56MHZ.o

Memory Configuration

Name             Origin             Length             Attributes
text             0x00000000         0x00020000         xr
data             0x00800060         0x0000ffa0         rw !x
eeprom           0x00810000         0x00010000         rw !x
fuse             0x00820000         0x00000400         rw !x
lock             0x00830000         0x00000400         rw !x
signature        0x00840000         0x00000400         rw !x
*default*        0x00000000         0xffffffff

Linker script and memory map

LOAD c:/winavr-20100110/bin/../lib/gcc/avr/4.3.3/../../../../avr/lib/avr5/crtm32.o
LOAD ./MCAL/UART.o
LOAD ./HAL/LCD.o
LOAD ./HAL/NFC_13_56MHZ.o
LOAD ./main.o
LOAD ./uart.o
LOAD c:/winavr-20100110/bin/../lib/gcc/avr/4.3.3/avr5\libgcc.a
LOAD c:/winavr-20100110/bin/../lib/gcc/avr/4.3.3/../../../../avr/lib/avr5\libc.a
LOAD c:/winavr-20100110/bin/../lib/gcc/avr/4.3.3/avr5\libgcc.a

.hash
 *(.hash)

.dynsym
 *(.dynsym)

.dynstr
 *(.dynstr)

.gnu.version
 *(.gnu.version)

.gnu.version_d
 *(.gnu.version_d)

.gnu.version_r
 *(.gnu.version_r)

.rel.init
 *(.rel.init)

.rela.init
 *(.rela.init)

.rel.text
 *(.rel.text)
 *(.rel.text.*)
 *(.rel.gnu.linkonce.t*)

.rela.text
 *(.rela.text)
 *(.rela.text.*)
 *(.rela.gnu.linkonce.t*)

.rel.fini
 *(.rel.fini)

.rela.fini
 *(.rela.fini)

.rel.rodata
 *(.rel.rodata)
 *(.rel.rodata.*)
 *(.rel.gnu.linkonce.r*)

.rela.rodata
 *(.rela.rodata)
 *(.rela.rodata.*)
 *(.rela.gnu.linkonce.r*)

.rel.data
 *(.rel.data)
 *(.rel.data.*)
 *(.rel.gnu.linkonce.d*)

.rela.data
 *(.rela.data)
 *(.rela.data.*)
 *(.rela.gnu.linkonce.d*)

.rel.ctors
 *(.rel.ctors)

.rela.ctors
 *(.rela.ctors)

.rel.dtors
 *(.rel.dtors)

.rela.dtors
 *(.rela.dtors)

.rel.got
 *(.rel.got)

.rela.got
 *(.rela.got)

.rel.bss
 *(.rel.bss)

.rela.bss
 *(.rela.bss)

.rel.plt
 *(.rel.plt)

.rela.plt
 *(.rela.plt)

.text           0x00000000      0xe6c
 *(.vectors)
 .vectors       0x00000000       0x54 c:/winavr-20100110/bin/../lib/gcc/avr/4.3.3/../../../../avr/lib/avr5/crtm32.o
                0x00000000                __vectors
                0x00000000                __vector_default
 *(.vectors)
 *(.progmem.gcc*)
 *(.progmem*)
                0x00000054                . = ALIGN (0x2)
                0x00000054                __trampolines_start = .
 *(.trampolines)
 .trampolines   0x00000054        0x0 linker stubs
 *(.trampolines*)
                0x00000054                __trampolines_end = .
 *(.jumptables)
 *(.jumptables*)
 *(.lowtext)
 *(.lowtext*)
                0x00000054                __ctors_start = .
 *(.ctors)
                0x00000054                __ctors_end = .
                0x00000054                __dtors_start = .
 *(.dtors)
                0x00000054                __dtors_end = .
 SORT(*)(.ctors)
 SORT(*)(.dtors)
 *(.init0)
 .init0         0x00000054        0x0 c:/winavr-20100110/bin/../lib/gcc/avr/4.3.3/../../../../avr/lib/avr5/crtm32.o
                0x00000054                __init
 *(.init0)
 *(.init1)
 *(.init1)
 *(.init2)
 .init2         0x00000054        0xc c:/winavr-20100110/bin/../lib/gcc/avr/4.3.3/../../../../avr/lib/avr5/crtm32.o
 *(.init2)
 *(.init3)
 *(.init3)
 *(.init4)
 .init4         0x00000060       0x16 c:/winavr-20100110/bin/../lib/gcc/avr/4.3.3/avr5\libgcc.a(_copy_data.o)
                0x00000060                __do_copy_data
 .init4         0x00000076       0x10 c:/winavr-20100110/bin/../lib/gcc/avr/4.3.3/avr5\libgcc.a(_clear_bss.o)
                0x00000076                __do_clear_bss
 *(.init4)
 *(.init5)
 *(.init5)
 *(.init6)
 *(.init6)
 *(.init7)
 *(.init7)
 *(.init8)
 *(.init8)
 *(.init9)
 .init9         0x00000086        0x8 c:/winavr-20100110/bin/../lib/gcc/avr/4.3.3/../../../../avr/lib/avr5/crtm32.o
 *(.init9)
 *(.text)
 .text          0x0000008e        0x4 c:/winavr-20100110/bin/../lib/gcc/avr/4.3.3/../../../../avr/lib/avr5/crtm32.o
                0x0000008e                __vector_1
                0x0000008e                __vector_12
                0x0000008e                __bad_interrupt
                0x0000008e                __vector_6
                0x0000008e                __vector_3
                0x0000008e                __vector_11
                0x0000008e                __vector_17
                0x0000008e                __vector_19
                0x0000008e                __vector_7
                0x0000008e                __vector_5
                0x0000008e                __vector_4
                0x0000008e                __vector_9
                0x0000008e                __vector_2
                0x0000008e                __vector_15
                0x0000008e                __vector_8
                0x0000008e                __vector_14
                0x0000008e                __vector_10
                0x0000008e                __vector_16
                0x0000008e                __vector_18
                0x0000008e                __vector_20
 .text          0x00000092        0x0 ./MCAL/UART.o
 .text          0x00000092        0x0 ./HAL/LCD.o
 .text          0x00000092        0x0 ./HAL/NFC_13_56MHZ.o
 .text          0x00000092        0x0 ./main.o
 .text          0x00000092        0x0 ./uart.o
 .text          0x00000092        0x0 c:/winavr-20100110/bin/../lib/gcc/avr/4.3.3/avr5\libgcc.a(_exit.o)
 .text          0x00000092        0x0 c:/winavr-20100110/bin/../lib/gcc/avr/4.3.3/avr5\libgcc.a(_copy_data.o)
 .text          0x00000092        0x0 c:/winavr-20100110/bin/../lib/gcc/avr/4.3.3/avr5\libgcc.a(_clear_bss.o)
 .text          0x00000092        0x0 c:/winavr-20100110/bin/../lib/gcc/avr/4.3.3/../../../../avr/lib/avr5\libc.a(itoa.o)
 .text          0x00000092        0x0 c:/winavr-20100110/bin/../lib/gcc/avr/4.3.3/../../../../avr/lib/avr5\libc.a(ultoa.o)
 .text          0x00000092        0x0 c:/winavr-20100110/bin/../lib/gcc/avr/4.3.3/../../../../avr/lib/avr5\libc.a(strrev.o)
 .text          0x00000092        0x0 c:/winavr-20100110/bin/../lib/gcc/avr/4.3.3/avr5\libgcc.a(_udivmodhi4.o)
 .text          0x00000092        0x0 c:/winavr-20100110/bin/../lib/gcc/avr/4.3.3/avr5\libgcc.a(_udivmodsi4.o)
                0x00000092                . = ALIGN (0x2)
 *(.text.*)
 .text.init_UART_9600
                0x00000092       0x10 ./MCAL/UART.o
                0x00000092                init_UART_9600
 .text.De_init_UART
                0x000000a2        0xc ./MCAL/UART.o
                0x000000a2                De_init_UART
 .text.init_UART_115200
                0x000000ae       0x14 ./MCAL/UART.o
                0x000000ae                init_UART_115200
 .text.UART_SendChar
                0x000000c2        0x8 ./MCAL/UART.o
                0x000000c2                UART_SendChar
 .text.UART_getChar
                0x000000ca        0x8 ./MCAL/UART.o
                0x000000ca                UART_getChar
 .text.UART_SEND_string
                0x000000d2       0x14 ./MCAL/UART.o
                0x000000d2                UART_SEND_string
 .text.UART_set_call_back_function
                0x000000e6        0xa ./MCAL/UART.o
                0x000000e6                UART_set_call_back_function
 .text.__vector_13
                0x000000f0       0x4e ./MCAL/UART.o
                0x000000f0                __vector_13
 .text.UART_SEND_number
                0x0000013e       0x44 ./MCAL/UART.o
                0x0000013e                UART_SEND_number
 .text.LCD_vidSendCommand
                0x00000182       0x40 ./HAL/LCD.o
                0x00000182                LCD_vidSendCommand
 .text.LCD_VidInit
                0x000001c2       0x56 ./HAL/LCD.o
                0x000001c2                LCD_VidInit
 .text.LCD_vidsendData
                0x00000218       0x40 ./HAL/LCD.o
                0x00000218                LCD_vidsendData
 .text.LCD_vidsendword
                0x00000258       0x1a ./HAL/LCD.o
                0x00000258                LCD_vidsendword
 .text.LCD_vidClear
                0x00000272        0x8 ./HAL/LCD.o
                0x00000272                LCD_vidClear
 .text.LCD_vid_Save_in_CGRAM
                0x0000027a      0x188 ./HAL/LCD.o
                0x0000027a                LCD_vid_Save_in_CGRAM
 .text.LCD_vidGoTo
                0x00000402       0x1c ./HAL/LCD.o
                0x00000402                LCD_vidGoTo
 .text.LCD_SEND_number_binary
                0x0000041e       0x3e ./HAL/LCD.o
                0x0000041e                LCD_SEND_number_binary
 .text.LCD_SEND_number
                0x0000045c       0x44 ./HAL/LCD.o
                0x0000045c                LCD_SEND_number
 .text.LCD_SEND_number_hex
                0x000004a0       0x88 ./HAL/LCD.o
                0x000004a0                LCD_SEND_number_hex
 .text.NFC_Recieving_interrupt
                0x00000528       0x26 ./HAL/NFC_13_56MHZ.o
                0x00000528                NFC_Recieving_interrupt
 .text.Check_Respond
                0x0000054e       0x26 ./HAL/NFC_13_56MHZ.o
                0x0000054e                Check_Respond
 .text.NFC_fixed_data
                0x00000574       0x32 ./HAL/NFC_13_56MHZ.o
                0x00000574                NFC_fixed_data
 .text.NFC_send_frame
                0x000005a6       0x7c ./HAL/NFC_13_56MHZ.o
                0x000005a6                NFC_send_frame
 .text.Clear_Rec_buffer
                0x00000622       0x14 ./HAL/NFC_13_56MHZ.o
                0x00000622                Clear_Rec_buffer
 .text.NFC_read_tag_data
                0x00000636      0x1a4 ./HAL/NFC_13_56MHZ.o
                0x00000636                NFC_read_tag_data
 .text.NFC_write_page
                0x000007da       0x68 ./HAL/NFC_13_56MHZ.o
                0x000007da                NFC_write_page
 .text.NFC_write_Tag_Points
                0x00000842       0x44 ./HAL/NFC_13_56MHZ.o
                0x00000842                NFC_write_Tag_Points
 .text.NFC_write_tag_ID
                0x00000886       0x44 ./HAL/NFC_13_56MHZ.o
                0x00000886                NFC_write_tag_ID
 .text.NFC_write_company_id
                0x000008ca        0xa ./HAL/NFC_13_56MHZ.o
                0x000008ca                NFC_write_company_id
 .text.NFC_read_tag
                0x000008d4       0x4a ./HAL/NFC_13_56MHZ.o
                0x000008d4                NFC_read_tag
 .text.NFC_init
                0x0000091e       0x5c ./HAL/NFC_13_56MHZ.o
                0x0000091e                NFC_init
 .text.main     0x0000097a      0x22c ./main.o
                0x0000097a                main
 .text.uart_init
                0x00000ba6        0x6 ./uart.o
                0x00000ba6                uart_init
 .text.uart_tx  0x00000bac       0x40 ./uart.o
                0x00000bac                uart_tx
 .text.uart_TX_string
                0x00000bec       0x26 ./uart.o
                0x00000bec                uart_TX_string
 .text.uart_tx_str
                0x00000c12       0x20 ./uart.o
                0x00000c12                uart_tx_str
 .text.uart_tx_hex
                0x00000c32       0x10 ./uart.o
                0x00000c32                uart_tx_hex
 .text.uart_tx_hex_byte
                0x00000c42       0x18 ./uart.o
                0x00000c42                uart_tx_hex_byte
 .text.uart_tx_hex_word
                0x00000c5a       0x14 ./uart.o
                0x00000c5a                uart_tx_hex_word
 .text.uart_tx_hex_lword
                0x00000c6e       0x26 ./uart.o
                0x00000c6e                uart_tx_hex_lword
 .text.uart_TX_long_number
                0x00000c94       0x44 ./uart.o
                0x00000c94                uart_TX_long_number
 .text.uart_TX_number
                0x00000cd8       0x44 ./uart.o
                0x00000cd8                uart_TX_number
 .text.uart_TX_hex_number
                0x00000d1c       0x34 ./uart.o
                0x00000d1c                uart_TX_hex_number
 .text.libgcc   0x00000d50        0x0 c:/winavr-20100110/bin/../lib/gcc/avr/4.3.3/avr5\libgcc.a(_exit.o)
 .text.libgcc   0x00000d50        0x0 c:/winavr-20100110/bin/../lib/gcc/avr/4.3.3/avr5\libgcc.a(_copy_data.o)
 .text.libgcc   0x00000d50        0x0 c:/winavr-20100110/bin/../lib/gcc/avr/4.3.3/avr5\libgcc.a(_clear_bss.o)
 .text.avr-libc
                0x00000d50       0x42 c:/winavr-20100110/bin/../lib/gcc/avr/4.3.3/../../../../avr/lib/avr5\libc.a(itoa.o)
                0x00000d50                itoa
 .text.avr-libc
                0x00000d92       0x4a c:/winavr-20100110/bin/../lib/gcc/avr/4.3.3/../../../../avr/lib/avr5\libc.a(ultoa.o)
                0x00000d92                ultoa
 .text.avr-libc
                0x00000ddc       0x20 c:/winavr-20100110/bin/../lib/gcc/avr/4.3.3/../../../../avr/lib/avr5\libc.a(strrev.o)
                0x00000ddc                strrev
 .text.libgcc   0x00000dfc       0x28 c:/winavr-20100110/bin/../lib/gcc/avr/4.3.3/avr5\libgcc.a(_udivmodhi4.o)
                0x00000dfc                __udivmodhi4
 .text.libgcc   0x00000e24       0x44 c:/winavr-20100110/bin/../lib/gcc/avr/4.3.3/avr5\libgcc.a(_udivmodsi4.o)
                0x00000e24                __udivmodsi4
                0x00000e68                . = ALIGN (0x2)
 *(.fini9)
 .fini9         0x00000e68        0x0 c:/winavr-20100110/bin/../lib/gcc/avr/4.3.3/avr5\libgcc.a(_exit.o)
                0x00000e68                exit
                0x00000e68                _exit
 *(.fini9)
 *(.fini8)
 *(.fini8)
 *(.fini7)
 *(.fini7)
 *(.fini6)
 *(.fini6)
 *(.fini5)
 *(.fini5)
 *(.fini4)
 *(.fini4)
 *(.fini3)
 *(.fini3)
 *(.fini2)
 *(.fini2)
 *(.fini1)
 *(.fini1)
 *(.fini0)
 .fini0         0x00000e68        0x4 c:/winavr-20100110/bin/../lib/gcc/avr/4.3.3/avr5\libgcc.a(_exit.o)
 *(.fini0)
                0x00000e6c                _etext = .

.data           0x00800060       0xd0 load address 0x00000e6c
                0x00800060                PROVIDE (__data_start, .)
 *(.data)
 .data          0x00800060        0x0 c:/winavr-20100110/bin/../lib/gcc/avr/4.3.3/../../../../avr/lib/avr5/crtm32.o
 .data          0x00800060        0x0 ./MCAL/UART.o
 .data          0x00800060        0x0 ./HAL/LCD.o
 .data          0x00800060        0x0 ./HAL/NFC_13_56MHZ.o
 .data          0x00800060       0x7e ./main.o
 .data          0x008000de        0x0 ./uart.o
 .data          0x008000de        0x0 c:/winavr-20100110/bin/../lib/gcc/avr/4.3.3/avr5\libgcc.a(_exit.o)
 .data          0x008000de        0x0 c:/winavr-20100110/bin/../lib/gcc/avr/4.3.3/avr5\libgcc.a(_copy_data.o)
 .data          0x008000de        0x0 c:/winavr-20100110/bin/../lib/gcc/avr/4.3.3/avr5\libgcc.a(_clear_bss.o)
 .data          0x008000de        0x0 c:/winavr-20100110/bin/../lib/gcc/avr/4.3.3/../../../../avr/lib/avr5\libc.a(itoa.o)
 .data          0x008000de        0x0 c:/winavr-20100110/bin/../lib/gcc/avr/4.3.3/../../../../avr/lib/avr5\libc.a(ultoa.o)
 .data          0x008000de        0x0 c:/winavr-20100110/bin/../lib/gcc/avr/4.3.3/../../../../avr/lib/avr5\libc.a(strrev.o)
 .data          0x008000de        0x0 c:/winavr-20100110/bin/../lib/gcc/avr/4.3.3/avr5\libgcc.a(_udivmodhi4.o)
 .data          0x008000de        0x0 c:/winavr-20100110/bin/../lib/gcc/avr/4.3.3/avr5\libgcc.a(_udivmodsi4.o)
 *(.data*)
 .data.NFC_Fixed_Company_ID_array
                0x008000de        0x4 ./HAL/NFC_13_56MHZ.o
                0x008000de                NFC_Fixed_Company_ID_array
 .data.config_arr
                0x008000e2        0x4 ./HAL/NFC_13_56MHZ.o
                0x008000e2                config_arr
 .data.response_config_arr
                0x008000e6        0xf ./HAL/NFC_13_56MHZ.o
                0x008000e6                response_config_arr
 .data.read_tag_arr
                0x008000f5        0x3 ./HAL/NFC_13_56MHZ.o
                0x008000f5                read_tag_arr
 .data.response_read_tag_arr
                0x008000f8        0xe ./HAL/NFC_13_56MHZ.o
                0x008000f8                response_read_tag_arr
 .data.read_tag_data
                0x00800106        0x4 ./HAL/NFC_13_56MHZ.o
                0x00800106                read_tag_data
 .data.response_read_tag_data
                0x0080010a        0xe ./HAL/NFC_13_56MHZ.o
                0x0080010a                response_read_tag_data
 .data.write_page_frame
                0x00800118        0x8 ./HAL/NFC_13_56MHZ.o
                0x00800118                write_page_frame
 .data.response_write_page
                0x00800120       0x10 ./HAL/NFC_13_56MHZ.o
                0x00800120                response_write_page
 *(.rodata)
 *(.rodata*)
 *(.gnu.linkonce.d*)
                0x00800130                . = ALIGN (0x2)
                0x00800130                _edata = .
                0x00800130                PROVIDE (__data_end, .)

.bss            0x00800130       0x74
                0x00800130                PROVIDE (__bss_start, .)
 *(.bss)
 .bss           0x00800130        0x0 c:/winavr-20100110/bin/../lib/gcc/avr/4.3.3/../../../../avr/lib/avr5/crtm32.o
 .bss           0x00800130        0x0 ./MCAL/UART.o
 .bss           0x00800130        0x0 ./HAL/LCD.o
 .bss           0x00800130        0x0 ./HAL/NFC_13_56MHZ.o
 .bss           0x00800130        0x0 ./main.o
 .bss           0x00800130        0x0 ./uart.o
 .bss           0x00800130        0x0 c:/winavr-20100110/bin/../lib/gcc/avr/4.3.3/avr5\libgcc.a(_exit.o)
 .bss           0x00800130        0x0 c:/winavr-20100110/bin/../lib/gcc/avr/4.3.3/avr5\libgcc.a(_copy_data.o)
 .bss           0x00800130        0x0 c:/winavr-20100110/bin/../lib/gcc/avr/4.3.3/avr5\libgcc.a(_clear_bss.o)
 .bss           0x00800130        0x0 c:/winavr-20100110/bin/../lib/gcc/avr/4.3.3/../../../../avr/lib/avr5\libc.a(itoa.o)
 .bss           0x00800130        0x0 c:/winavr-20100110/bin/../lib/gcc/avr/4.3.3/../../../../avr/lib/avr5\libc.a(ultoa.o)
 .bss           0x00800130        0x0 c:/winavr-20100110/bin/../lib/gcc/avr/4.3.3/../../../../avr/lib/avr5\libc.a(strrev.o)
 .bss           0x00800130        0x0 c:/winavr-20100110/bin/../lib/gcc/avr/4.3.3/avr5\libgcc.a(_udivmodhi4.o)
 .bss           0x00800130        0x0 c:/winavr-20100110/bin/../lib/gcc/avr/4.3.3/avr5\libgcc.a(_udivmodsi4.o)
 *(.bss*)
 .bss.Counter   0x00800130        0x1 ./HAL/NFC_13_56MHZ.o
                0x00800130                Counter
 .bss.NFC_Recieved_Data
                0x00800131        0xd ./HAL/NFC_13_56MHZ.o
                0x00800131                NFC_Recieved_Data
 *(COMMON)
 COMMON         0x0080013e        0x2 ./MCAL/UART.o
                0x0080013e                call_back_pointer
 COMMON         0x00800140       0x64 ./HAL/NFC_13_56MHZ.o
                0x00800140                Rec_Data
                0x008001a4                PROVIDE (__bss_end, .)
                0x00000e6c                __data_load_start = LOADADDR (.data)
                0x00000f3c                __data_load_end = (__data_load_start + SIZEOF (.data))

.noinit         0x008001a4        0x0
                0x008001a4                PROVIDE (__noinit_start, .)
 *(.noinit*)
                0x008001a4                PROVIDE (__noinit_end, .)
                0x008001a4                _end = .
                0x008001a4                PROVIDE (__heap_start, .)

.eeprom         0x00810000        0x0
 *(.eeprom*)
                0x00810000                __eeprom_end = .

.fuse
 *(.fuse)
 *(.lfuse)
 *(.hfuse)
 *(.efuse)

.lock
 *(.lock*)

.signature
 *(.signature*)

.stab
 *(.stab)

.stabstr
 *(.stabstr)

.stab.excl
 *(.stab.excl)

.stab.exclstr
 *(.stab.exclstr)

.stab.index
 *(.stab.index)

.stab.indexstr
 *(.stab.indexstr)

.comment
 *(.comment)

.debug
 *(.debug)

.line
 *(.line)

.debug_srcinfo
 *(.debug_srcinfo)

.debug_sfnames
 *(.debug_sfnames)

.debug_aranges
 *(.debug_aranges)

.debug_pubnames
 *(.debug_pubnames)

.debug_info
 *(.debug_info)
 *(.gnu.linkonce.wi.*)

.debug_abbrev
 *(.debug_abbrev)

.debug_line
 *(.debug_line)

.debug_frame
 *(.debug_frame)

.debug_str
 *(.debug_str)

.debug_loc
 *(.debug_loc)

.debug_macinfo
 *(.debug_macinfo)
OUTPUT(NFC_Normal_Board_layers.elf elf32-avr)
LOAD linker stubs
